2026-07-24 11:08:24 OK HTTP 200 {
    "ok": true,
    "started_at": "2026-07-24 11:08:03",
    "processed": 1,
    "items": [
        {
            "id": "1",
            "name": "Reporte Alarmas",
            "ok": true,
            "message": "Enviado",
            "next": "2026-07-25 08:00:00",
            "schedule_updated": true
        }
    ],
    "ai": {
        "ok": false,
        "message": "El diagnóstico IA está desactivado."
    },
    "finished_at": "2026-07-24 11:08:24"
}
2026-07-24 11:09:10 OK HTTP 200 {
    "ok": true,
    "started_at": "2026-07-24 11:09:10",
    "processed": 0,
    "items": [],
    "ai": {
        "ok": false,
        "message": "El diagnóstico IA está desactivado."
    },
    "finished_at": "2026-07-24 11:09:10"
}

==================================================
Inicio: 07-24-vie. 11:10:43,25
HTTP 200
{
    "ok": true,
    "started_at": "2026-07-24 11:10:44",
    "processed": 0,
    "items": [],
    "ai": {
        "ok": false,
        "message": "El diagnóstico IA está desactivado."
    },
    "finished_at": "2026-07-24 11:10:44"
}
Fin: vie. 24/07/2026 11:10:44,86
